C:/Users/sbelh/Desktop/Cours/M2/iot/code_nucleo/LoRaWAN_End_Node/LoRaWAN/App/lora_app.c:738:13:OnSysTimeUpdate	0	static
C:/Users/sbelh/Desktop/Cours/M2/iot/code_nucleo/LoRaWAN_End_Node/LoRaWAN/App/lora_app.c:786:13:OnTxFrameCtrlChanged	0	static
C:/Users/sbelh/Desktop/Cours/M2/iot/code_nucleo/LoRaWAN_End_Node/LoRaWAN/App/lora_app.c:797:13:OnPingSlotPeriodicityChanged	0	static
C:/Users/sbelh/Desktop/Cours/M2/iot/code_nucleo/LoRaWAN_End_Node/LoRaWAN/App/lora_app.c:703:13:OnBeaconStatusChange	72	static
C:/Users/sbelh/Desktop/Cours/M2/iot/code_nucleo/LoRaWAN_End_Node/LoRaWAN/App/lora_app.c:745:13:OnClassChange	16	static
C:/Users/sbelh/Desktop/Cours/M2/iot/code_nucleo/LoRaWAN_End_Node/LoRaWAN/App/lora_app.c:897:13:OnNvmDataChange	8	static
C:/Users/sbelh/Desktop/Cours/M2/iot/code_nucleo/LoRaWAN_End_Node/LoRaWAN/App/lora_app.c:612:13:OnTxTimerEvent	8	static
C:/Users/sbelh/Desktop/Cours/M2/iot/code_nucleo/LoRaWAN_End_Node/LoRaWAN/App/lora_app.c:752:13:OnMacProcessNotify	8	static
C:/Users/sbelh/Desktop/Cours/M2/iot/code_nucleo/LoRaWAN_End_Node/LoRaWAN/App/lora_app.c:808:13:OnSystemReset	8	static,ignoring_inline_asm
C:/Users/sbelh/Desktop/Cours/M2/iot/code_nucleo/LoRaWAN_End_Node/LoRaWAN/App/lora_app.c:764:13:OnTxPeriodicityChanged	8	static
C:/Users/sbelh/Desktop/Cours/M2/iot/code_nucleo/LoRaWAN_End_Node/LoRaWAN/App/lora_app.c:644:13:OnTxData	24	static
C:/Users/sbelh/Desktop/Cours/M2/iot/code_nucleo/LoRaWAN_End_Node/LoRaWAN/App/lora_app.c:673:13:OnJoinRequest	16	static
C:/Users/sbelh/Desktop/Cours/M2/iot/code_nucleo/LoRaWAN_End_Node/LoRaWAN/App/lora_app.c:859:13:OnStopJoinTimerEvent	8	static
C:/Users/sbelh/Desktop/Cours/M2/iot/code_nucleo/LoRaWAN_End_Node/LoRaWAN/App/lora_app.c:632:13:OnRxTimerLedEvent	8	static
C:/Users/sbelh/Desktop/Cours/M2/iot/code_nucleo/LoRaWAN_End_Node/LoRaWAN/App/lora_app.c:627:13:OnTxTimerLedEvent	8	static
C:/Users/sbelh/Desktop/Cours/M2/iot/code_nucleo/LoRaWAN_End_Node/LoRaWAN/App/lora_app.c:459:13:OnRxData	40	static
C:/Users/sbelh/Desktop/Cours/M2/iot/code_nucleo/LoRaWAN_End_Node/LoRaWAN/App/lora_app.c:915:13:OnStoreContextRequest	16	static
C:/Users/sbelh/Desktop/Cours/M2/iot/code_nucleo/LoRaWAN_End_Node/LoRaWAN/App/lora_app.c:930:13:OnRestoreContextRequest	8	static
C:/Users/sbelh/Desktop/Cours/M2/iot/code_nucleo/LoRaWAN_End_Node/LoRaWAN/App/lora_app.c:822:13:StopJoin	16	static
C:/Users/sbelh/Desktop/Cours/M2/iot/code_nucleo/LoRaWAN_End_Node/LoRaWAN/App/lora_app.c:875:13:StoreContext	8	static
C:/Users/sbelh/Desktop/Cours/M2/iot/code_nucleo/LoRaWAN_End_Node/LoRaWAN/App/lora_app.c:539:13:SendTxData	48	static
C:/Users/sbelh/Desktop/Cours/M2/iot/code_nucleo/LoRaWAN_End_Node/LoRaWAN/App/lora_app.c:637:13:OnJoinTimerLedEvent	8	static
C:/Users/sbelh/Desktop/Cours/M2/iot/code_nucleo/LoRaWAN_End_Node/LoRaWAN/App/lora_app.c:350:6:LoRaWAN_Init	48	static
C:/Users/sbelh/Desktop/Cours/M2/iot/code_nucleo/LoRaWAN_End_Node/LoRaWAN/App/lora_app.c:445:6:HAL_GPIO_EXTI_Callback	0	static
